// Jest Snapshot v1, https://goo.gl/fbAQLP

exports[`renders review card correctly 1`] = `
<div
  className="review-item"
>
  <h3>
    A gem from the Late 50s - Charles and Rae Eames
  </h3>
  <div>
    <div
      aria-description="Rating: 5 of 5 stars"
    >
      ★★★★★
    </div>
     by 
    Steve R
     on 
    2003-10-02 01:25:35
  </div>
  <p>
    This short film was written, produced and directed by Charles and Rae Eames for the IBM Pavillion at the 1958 Brussels World's Fair. Animation by John Whitney. Music by Elmer Bernstein. Topic is the computer in the context of human development.  MUST VIEW!
  </p>
</div>
`;
