// Jest Snapshot v1, https://goo.gl/fbAQLP

exports[`renders item metadata correctly 1`] = `
<div
  className="row"
>
  <div
    className="item-metadata-full-list section padded"
  >
    <h2>
      Full Metadata
       
      (24)
    </h2>
    <dl>
      <div>
        <dt>
          mediatype
        </dt>
        <dd>
          movies
        </dd>
      </div>
      <div>
        <dt>
          identifier
        </dt>
        <dd>
          InformationM
        </dd>
      </div>
      <div>
        <dt>
          publisher
        </dt>
        <dd>
          Eames (Charles And Ray)
        </dd>
      </div>
      <div>
        <dt>
          description
        </dt>
        <dd>
          Applies graphic sensitivity to medium in cartoon form, and traces the history of storing and analyzing information from the days of the cavemen to today's age of electronic brains.
        </dd>
      </div>
      <div>
        <dt>
          date
        </dt>
        <dd>
          1958
        </dd>
      </div>
      <div>
        <dt>
          licenseurl
        </dt>
        <dd>
          http://creativecommons.org/licenses/publicdomain/
        </dd>
      </div>
      <div>
        <dt>
          color
        </dt>
        <dd>
          color
        </dd>
      </div>
      <div>
        <dt>
          sound
        </dt>
        <dd>
          sound
        </dd>
      </div>
      <div>
        <dt>
          collection
        </dt>
        <dd>
          prelinger
        </dd>
      </div>
      <div>
        <dt>
          title
        </dt>
        <dd>
          Information Machine, The
        </dd>
      </div>
      <div>
        <dt>
          sponsor
        </dt>
        <dd>
          IBM
        </dd>
      </div>
      <div>
        <dt>
          pick
        </dt>
        <dd>
          0
        </dd>
      </div>
      <div>
        <dt>
          runtime
        </dt>
        <dd>
          00:09:44
        </dd>
      </div>
      <div>
        <dt>
          updatedate
        </dt>
        <dd>
          2005-01-13 09:36:44
        </dd>
      </div>
      <div>
        <dt>
          updater
        </dt>
        <dd>
          AV Geek Skip
        </dd>
      </div>
      <div>
        <dt>
          subject
        </dt>
        <dd>
          need keyword
        </dd>
      </div>
      <div>
        <dt>
          numeric_id
        </dt>
        <dd>
          3254
        </dd>
      </div>
      <div>
        <dt>
          type
        </dt>
        <dd>
          MovingImage
        </dd>
      </div>
      <div>
        <dt>
          proddate
        </dt>
        <dd>
          1958
        </dd>
      </div>
      <div>
        <dt>
          collectionid
        </dt>
        <dd>
          InformationM
        </dd>
      </div>
      <div>
        <dt>
          publicdate
        </dt>
        <dd>
          2007-03-01 10:46:58
        </dd>
      </div>
      <div>
        <dt>
          backup_location
        </dt>
        <dd>
          ia903600_31
        </dd>
      </div>
      <div>
        <dt>
          closed_captioning
        </dt>
        <dd>
          no
        </dd>
      </div>
      <div>
        <dt>
          addeddate
        </dt>
        <dd>
          2007-03-01 10:46:58
        </dd>
      </div>
    </dl>
  </div>
</div>
`;
